// Jest Snapshot v1, https://goo.gl/fbAQLP

exports[`App renders the main screen 1`] = `
<View
  style={
    Object {
      "backgroundColor": "#fff",
      "flex": 1,
    }
  }
>
  <View
    style={
      Object {
        "backgroundColor": "#6b7d70",
        "height": 44,
      }
    }
  />
  <MainNav />
</View>
`;
